
> vite_react_shadcn_ts@0.0.0 build
> vite build

[36mvite v5.4.21 [32mbuilding for production...[36m[39m
transforming...
[32mΓ£ô[39m 1192 modules transformed.
node.exe : [31mx[39m Build 
failed in 15.11s
At D:\node.js\npm.ps1:29 char:3
+   & $NODE_EXE $NPM_CLI_JS $args
+   ~~~~~~~~~~~~~~~~~~~~~~~~~~~~~
    + CategoryInfo          : Not 
   Specified: ([31mx[39m Build  
   failed in 15.11s:String) [],   
  RemoteException
    + FullyQualifiedErrorId : Nat 
   iveCommandError
 
[31merror during build:
[31m[vite:load-fallback] Could 
not load D:\family-vault-app\src/c
omponents/DocumentViewerModal 
(imported by 
src/pages/vault/GroupView.tsx): 
ENOENT: no such file or 
directory, open 'D:\family-vault-a
pp\src\components\DocumentViewerMo
dal'[31m
    at async open 
(node:internal/fs/promises:639:25)
    at async Object.readFile (node
:internal/fs/promises:1243:14)
    at async Object.load (file:///
D:/family-vault-app/node_modules/v
ite/dist/node/chunks/dep-BK3b2jBa.
js:65357:25)
    at async PluginDriver.hookFirs
tAndGetPlugin (file:///D:/family-v
ault-app/node_modules/rollup/dist/
es/shared/node-entry.js:22333:28)
    at async file:///D:/family-vau
lt-app/node_modules/rollup/dist/es
/shared/node-entry.js:21333:33
    at async Queue.work (file:///D
:/family-vault-app/node_modules/ro
llup/dist/es/shared/node-entry.js:
22561:32)[39m
